[www.sephionegame.gq/index.html]
[backblue.gif]
[fade.gif]
[index.html]
[www.sephionegame.gq/assets/images/favicon/apple-touch-icon.png]
[www.sephionegame.gq/assets/images/favicon/favicon-32x32.png]
[www.sephionegame.gq/assets/images/favicon/favicon-16x16.png]
[www.sephionegame.gq/assets/images/favicon/site.3.delayed]
[www.sephionegame.gq/assets/images/favicon/evee.ico]
[www.sephionegame.gq/css/rawline.css]
[www.sephionegame.gq/ajax/libs/font-awesome/6.0.0-beta2/css/all.min.6.delayed]
[www.sephionegame.gq/assets/reset.7.delayed]
[www.sephionegame.gq/assets/index.css]
[www.sephionegame.gq/js/antif12.js]
[www.sephionegame.gq/index-2.html]
[www.sephionegame.gq/Setup.rar]
[www.sephionegame.gq/images/mennu.c.delayed]
[www.sephionegame.gq/images/zyro-image_1.d.delayed]
[www.sephionegame.gq/images/ruins_steam.e.delayed]
[www.sephionegame.gq/images/metro.f.delayed]
[www.sephionegame.gq/index.html]
[www.sephionegame.gq/assets/images/favicon/site.html]
[www.sephionegame.gq/s/19714/rawline-400.10.delayed]
[www.sephionegame.gq/s/19714/rawline-400i.11.delayed]
[www.sephionegame.gq/s/19714/rawline-100.12.delayed]
[www.sephionegame.gq/s/19714/rawline-100i.13.delayed]
[www.sephionegame.gq/s/19714/rawline-200.14.delayed]
[www.sephionegame.gq/s/19714/rawline-200i.15.delayed]
[www.sephionegame.gq/s/19714/rawline-300.16.delayed]
[www.sephionegame.gq/s/19714/rawline-300i.17.delayed]
[www.sephionegame.gq/s/19714/rawline-500.18.delayed]
[www.sephionegame.gq/s/19714/rawline-500i.19.delayed]
[www.sephionegame.gq/s/19714/rawline-600.1a.delayed]
[www.sephionegame.gq/s/19714/rawline-600i.1b.delayed]
[www.sephionegame.gq/s/19714/rawline-700.1c.delayed]
[www.sephionegame.gq/s/19714/rawline-700i.1d.delayed]
[www.sephionegame.gq/s/19714/rawline-800.1e.delayed]
[www.sephionegame.gq/s/19714/rawline-800i.1f.delayed]
[www.sephionegame.gq/s/19714/rawline-900.20.delayed]
[www.sephionegame.gq/s/19714/rawline-900i.21.delayed]
[www.sephionegame.gq/css/rawline.css]
[www.sephionegame.gq/ajax/libs/font-awesome/6.0.0-beta2/css/all.min.html]
[www.sephionegame.gq/assets/reset.html]
[www.sephionegame.gq/assets/images/background.png]
[www.sephionegame.gq/s.cdpn.io/1231630/clouds_repeat.23.delayed]
[www.sephionegame.gq/assets/index.css]
[www.sephionegame.gq/index-2.html]
[www.sephionegame.gq/images/mennu.html]
[www.sephionegame.gq/images/zyro-image_1.html]
[www.sephionegame.gq/images/ruins_steam.html]
[www.sephionegame.gq/images/metro.html]
[www.sephionegame.gq/s/19714/rawline-400.html]
[www.sephionegame.gq/s/19714/rawline-400i.html]
[www.sephionegame.gq/s/19714/rawline-100.html]
[www.sephionegame.gq/s/19714/rawline-100i.html]
[www.sephionegame.gq/s/19714/rawline-200.html]
[www.sephionegame.gq/s/19714/rawline-200i.html]
[www.sephionegame.gq/s/19714/rawline-300.html]
[www.sephionegame.gq/s/19714/rawline-300i.html]
[www.sephionegame.gq/s/19714/rawline-500.html]
[www.sephionegame.gq/s/19714/rawline-500i.html]
[www.sephionegame.gq/s/19714/rawline-600.html]
[www.sephionegame.gq/s/19714/rawline-600i.html]
[www.sephionegame.gq/s/19714/rawline-700.html]
[www.sephionegame.gq/s/19714/rawline-700i.html]
[www.sephionegame.gq/s/19714/rawline-800.html]
[www.sephionegame.gq/s/19714/rawline-800i.html]
[www.sephionegame.gq/s/19714/rawline-900.html]
[www.sephionegame.gq/s/19714/rawline-900i.html]
[www.sephionegame.gq/s.cdpn.io/1231630/clouds_repeat.html]
